mysterious
true
false
false
true
false
boolean vs boolean
true
false
true
false
number vs true
false
false
false
false
number vs false
false
false
true
true
number vs null
false
false
false
false
true
true vs string
false
false
false
false
false
false
false vs string
false
false
false
false
false
false
number vs number
true
true
false
number vs string
true
true
false
false
string vs string
true
false
boolean vs not boolean
true
false
true
false
true
false
